// Jest Snapshot v1, https://goo.gl/fbAQLP

exports[`the modal component renders 1`] = `null`;
